C:\Users\lwand\Documents\workspace-spring-tool-suite-4-4.24.0.RELEASE\whatsfirst\src\main\java\com\whatsfirst\config\CorsConfig.java
C:\Users\lwand\Documents\workspace-spring-tool-suite-4-4.24.0.RELEASE\whatsfirst\src\main\java\com\whatsfirst\config\SecurityConfig.java
C:\Users\lwand\Documents\workspace-spring-tool-suite-4-4.24.0.RELEASE\whatsfirst\src\main\java\com\whatsfirst\controller\AuthController.java
C:\Users\lwand\Documents\workspace-spring-tool-suite-4-4.24.0.RELEASE\whatsfirst\src\main\java\com\whatsfirst\controller\CallController.java
C:\Users\lwand\Documents\workspace-spring-tool-suite-4-4.24.0.RELEASE\whatsfirst\src\main\java\com\whatsfirst\model\CallLog.java
C:\Users\lwand\Documents\workspace-spring-tool-suite-4-4.24.0.RELEASE\whatsfirst\src\main\java\com\whatsfirst\model\User.java
C:\Users\lwand\Documents\workspace-spring-tool-suite-4-4.24.0.RELEASE\whatsfirst\src\main\java\com\whatsfirst\repository\CallLogRepository.java
C:\Users\lwand\Documents\workspace-spring-tool-suite-4-4.24.0.RELEASE\whatsfirst\src\main\java\com\whatsfirst\repository\UserRepository.java
C:\Users\lwand\Documents\workspace-spring-tool-suite-4-4.24.0.RELEASE\whatsfirst\src\main\java\com\whatsfirst\WhatsfirstApplication.java
